// Jest Snapshot v1, https://goo.gl/fbAQLP

exports[`NewTransationButton component should return null on button click 1`] = `
<button
  class="new-transaction-button flex w-36 justify-evenly items-center "
  type="button"
>
  <svg
    fill="currentColor"
    height="1em"
    stroke="currentColor"
    stroke-width="0"
    viewBox="0 0 20 20"
    width="1em"
    xmlns="http://www.w3.org/2000/svg"
  >
    <path
      clip-rule="evenodd"
      d="M10 3a1 1 0 011 1v5h5a1 1 0 110 2h-5v5a1 1 0 11-2 0v-5H4a1 1 0 110-2h5V4a1 1 0 011-1z"
      fill-rule="evenodd"
    />
  </svg>
   
  <span>
    Novo
  </span>
</button>
`;
